// Jest Snapshot v1, https://goo.gl/fbAQLP

exports[`Account test render Account screen correctly 1`] = `
<View
  onLayout={[Function]}
  style={
    Object {
      "backgroundColor": "#E5E5E5",
      "flex": 1,
    }
  }
>
  <Text
    style={
      Object {
        "alignSelf": "center",
        "color": "#FCA311",
        "fontSize": 28,
        "fontWeight": "600",
        "margin": 10,
        "paddingTop": 30,
      }
    }
  >
    Minha conta
  </Text>
  <View
    accessible={true}
    focusable={true}
    onClick={[Function]}
    onResponderGrant={[Function]}
    onResponderMove={[Function]}
    onResponderRelease={[Function]}
    onResponderTerminate={[Function]}
    onResponderTerminationRequest={[Function]}
    onStartShouldSetResponder={[Function]}
    style={
      Object {
        "opacity": 1,
      }
    }
  >
    <Text>
      Entrar
    </Text>
  </View>
</View>
`;
