// Jest Snapshot v1, https://goo.gl/fbAQLP

exports[`Favorite test render Favorite screen correctly 1`] = `
<View
  onLayout={[Function]}
  style={
    Object {
      "backgroundColor": "#E5E5E5",
      "flex": 1,
      "paddingHorizontal": 30,
      "paddingVertical": 10,
    }
  }
>
  <Text
    numberOfLiner={2}
    style={
      Object {
        "alignSelf": "center",
        "color": "#FCA311",
        "fontSize": 28,
        "fontWeight": "600",
        "margin": 10,
      }
    }
  >
    Favoritos
  </Text>
</View>
`;
