// Jest Snapshot v1, https://goo.gl/fbAQLP

exports[`<InputArea /> render correctly 1`] = `
<View
  style={
    Object {
      "alignSelf": "stretch",
      "backgroundColor": "#FFF",
      "borderColor": "#14213D",
      "borderRadius": 24,
      "borderWidth": 1,
      "elevation": 2,
      "flexDirection": "row",
      "height": 46,
      "marginTop": 15,
      "paddingHorizontal": 12,
      "shadowOffset": Object {
        "height": 0,
        "width": 0,
      },
      "shadowOpacity": 0.2,
      "shadowRadius": 2,
    }
  }
>
  <Icon
    color="#14213D"
    size={16}
    style={
      Object {
        "alignSelf": "center",
      }
    }
  />
  <TextInput
    allowFontScaling={true}
    keyboardType="email-address"
    placeholder="Entre com o seu email"
    placeholderTextColor="#d2d2d2"
    rejectResponderTermination={true}
    secureTextEntry={false}
    style={
      Object {
        "paddingHorizontal": 8,
        "paddingVertical": 10,
      }
    }
    underlineColorAndroid="transparent"
  />
</View>
`;
