// Jest Snapshot v1, https://goo.gl/fbAQLP

exports[`Loader test render Loader component correctly when isLoading is false 1`] = `null`;

exports[`Loader test render Loader component correctly when isLoading is true 1`] = `
<View
  style={
    Object {
      "alignItems": "center",
      "backgroundColor": "rgba(20, 33, 61, 0.4)",
      "bottom": -35,
      "justifyContent": "center",
      "left": -35,
      "position": "absolute",
      "right": -35,
      "top": -35,
      "zIndex": 2,
    }
  }
>
  <ActivityIndicator
    animating={true}
    color="#FCA311"
    hidesWhenStopped={true}
    size="large"
  />
</View>
`;
